Archive member included to satisfy reference by file (symbol)

/home/elisa/.eclipse/360744286_linux_gtk_x86_64/plugins/fr.ac6.mcu.externaltools.arm-none.linux64_1.17.0.201812190825/tools/compiler/bin/../lib/gcc/arm-none-eabi/7.3.1/thumb/v7e-m/fpv4-sp/hard/libgcc.a(_aeabi_uldivmod.o)
                              Drivers/STM32F4xx_HAL_Driver/Src/stm32f4xx_hal_rcc.o (__aeabi_uldivmod)
/home/elisa/.eclipse/360744286_linux_gtk_x86_64/plugins/fr.ac6.mcu.externaltools.arm-none.linux64_1.17.0.201812190825/tools/compiler/bin/../lib/gcc/arm-none-eabi/7.3.1/thumb/v7e-m/fpv4-sp/hard/libgcc.a(_udivmoddi4.o)
                              /home/elisa/.eclipse/360744286_linux_gtk_x86_64/plugins/fr.ac6.mcu.externaltools.arm-none.linux64_1.17.0.201812190825/tools/compiler/bin/../lib/gcc/arm-none-eabi/7.3.1/thumb/v7e-m/fpv4-sp/hard/libgcc.a(_aeabi_uldivmod.o) (__udivmoddi4)
/home/elisa/.eclipse/360744286_linux_gtk_x86_64/plugins/fr.ac6.mcu.externaltools.arm-none.linux64_1.17.0.201812190825/tools/compiler/bin/../lib/gcc/arm-none-eabi/7.3.1/thumb/v7e-m/fpv4-sp/hard/libgcc.a(_dvmd_tls.o)
                              /home/elisa/.eclipse/360744286_linux_gtk_x86_64/plugins/fr.ac6.mcu.externaltools.arm-none.linux64_1.17.0.201812190825/tools/compiler/bin/../lib/gcc/arm-none-eabi/7.3.1/thumb/v7e-m/fpv4-sp/hard/libgcc.a(_aeabi_uldivmod.o) (__aeabi_ldiv0)
/home/elisa/.eclipse/360744286_linux_gtk_x86_64/plugins/fr.ac6.mcu.externaltools.arm-none.linux64_1.17.0.201812190825/tools/compiler/bin/../lib/gcc/arm-none-eabi/7.3.1/../../../../arm-none-eabi/lib/thumb/v7e-m/fpv4-sp/hard/libc_nano.a(lib_a-errno.o)
                              Src/syscalls.o (__errno)
/home/elisa/.eclipse/360744286_linux_gtk_x86_64/plugins/fr.ac6.mcu.externaltools.arm-none.linux64_1.17.0.201812190825/tools/compiler/bin/../lib/gcc/arm-none-eabi/7.3.1/../../../../arm-none-eabi/lib/thumb/v7e-m/fpv4-sp/hard/libc_nano.a(lib_a-exit.o)
                              /home/elisa/.eclipse/360744286_linux_gtk_x86_64/plugins/fr.ac6.mcu.externaltools.arm-none.linux64_1.17.0.201812190825/tools/compiler/bin/../lib/gcc/arm-none-eabi/7.3.1/../../../../arm-none-eabi/lib/thumb/v7e-m/fpv4-sp/hard/crt0.o (exit)
/home/elisa/.eclipse/360744286_linux_gtk_x86_64/plugins/fr.ac6.mcu.externaltools.arm-none.linux64_1.17.0.201812190825/tools/compiler/bin/../lib/gcc/arm-none-eabi/7.3.1/../../../../arm-none-eabi/lib/thumb/v7e-m/fpv4-sp/hard/libc_nano.a(lib_a-impure.o)
                              /home/elisa/.eclipse/360744286_linux_gtk_x86_64/plugins/fr.ac6.mcu.externaltools.arm-none.linux64_1.17.0.201812190825/tools/compiler/bin/../lib/gcc/arm-none-eabi/7.3.1/../../../../arm-none-eabi/lib/thumb/v7e-m/fpv4-sp/hard/libc_nano.a(lib_a-exit.o) (_global_impure_ptr)
/home/elisa/.eclipse/360744286_linux_gtk_x86_64/plugins/fr.ac6.mcu.externaltools.arm-none.linux64_1.17.0.201812190825/tools/compiler/bin/../lib/gcc/arm-none-eabi/7.3.1/../../../../arm-none-eabi/lib/thumb/v7e-m/fpv4-sp/hard/libc_nano.a(lib_a-init.o)
                              /home/elisa/.eclipse/360744286_linux_gtk_x86_64/plugins/fr.ac6.mcu.externaltools.arm-none.linux64_1.17.0.201812190825/tools/compiler/bin/../lib/gcc/arm-none-eabi/7.3.1/../../../../arm-none-eabi/lib/thumb/v7e-m/fpv4-sp/hard/crt0.o (__libc_init_array)
/home/elisa/.eclipse/360744286_linux_gtk_x86_64/plugins/fr.ac6.mcu.externaltools.arm-none.linux64_1.17.0.201812190825/tools/compiler/bin/../lib/gcc/arm-none-eabi/7.3.1/../../../../arm-none-eabi/lib/thumb/v7e-m/fpv4-sp/hard/libc_nano.a(lib_a-memcpy-stub.o)
                              Src/lcd.o (memcpy)
/home/elisa/.eclipse/360744286_linux_gtk_x86_64/plugins/fr.ac6.mcu.externaltools.arm-none.linux64_1.17.0.201812190825/tools/compiler/bin/../lib/gcc/arm-none-eabi/7.3.1/../../../../arm-none-eabi/lib/thumb/v7e-m/fpv4-sp/hard/libc_nano.a(lib_a-memset.o)
                              /home/elisa/.eclipse/360744286_linux_gtk_x86_64/plugins/fr.ac6.mcu.externaltools.arm-none.linux64_1.17.0.201812190825/tools/compiler/bin/../lib/gcc/arm-none-eabi/7.3.1/../../../../arm-none-eabi/lib/thumb/v7e-m/fpv4-sp/hard/crt0.o (memset)
/home/elisa/.eclipse/360744286_linux_gtk_x86_64/plugins/fr.ac6.mcu.externaltools.arm-none.linux64_1.17.0.201812190825/tools/compiler/bin/../lib/gcc/arm-none-eabi/7.3.1/../../../../arm-none-eabi/lib/thumb/v7e-m/fpv4-sp/hard/libc_nano.a(lib_a-strlen.o)
                              Src/lcd.o (strlen)

Allocating common symbols
Common symbol       size              file

uwTick              0x4               Drivers/STM32F4xx_HAL_Driver/Src/stm32f4xx_hal.o
pFlash              0x20              Drivers/STM32F4xx_HAL_Driver/Src/stm32f4xx_hal_flash.o
huart2              0x40              Src/main.o

Discarded input sections

 .text          0x0000000000000000        0x0 /home/elisa/.eclipse/360744286_linux_gtk_x86_64/plugins/fr.ac6.mcu.externaltools.arm-none.linux64_1.17.0.201812190825/tools/compiler/bin/../lib/gcc/arm-none-eabi/7.3.1/thumb/v7e-m/fpv4-sp/hard/crti.o
[...]
Memory Configuration

Name             Origin             Length             Attributes
RAM              0x0000000020000000 0x0000000000018000 xrw
FLASH            0x0000000008000000 0x0000000000080000 xr
*default*        0x0000000000000000 0xffffffffffffffff

Linker script and memory map

LOAD /home/elisa/.eclipse/360744286_linux_gtk_x86_64/plugins/fr.ac6.mcu.externaltools.arm-none.linux64_1.17.0.201812190825/tools/compiler/bin/../lib/gcc/arm-none-eabi/7.3.1/thumb/v7e-m/fpv4-sp/hard/crti.o
LOAD /home/elisa/.eclipse/360744286_linux_gtk_x86_64/plugins/fr.ac6.mcu.externaltools.arm-none.linux64_1.17.0.201812190825/tools/compiler/bin/../lib/gcc/arm-none-eabi/7.3.1/thumb/v7e-m/fpv4-sp/hard/crtbegin.o
LOAD /home/elisa/.eclipse/360744286_linux_gtk_x86_64/plugins/fr.ac6.mcu.externaltools.arm-none.linux64_1.17.0.201812190825/tools/compiler/bin/../lib/gcc/arm-none-eabi/7.3.1/../../../../arm-none-eabi/lib/thumb/v7e-m/fpv4-sp/hard/crt0.o
LOAD Drivers/STM32F4xx_HAL_Driver/Src/stm32f4xx_hal.o
LOAD Drivers/STM32F4xx_HAL_Driver/Src/stm32f4xx_hal_cortex.o
LOAD Drivers/STM32F4xx_HAL_Driver/Src/stm32f4xx_hal_dma.o
LOAD Drivers/STM32F4xx_HAL_Driver/Src/stm32f4xx_hal_dma_ex.o
LOAD Drivers/STM32F4xx_HAL_Driver/Src/stm32f4xx_hal_exti.o
LOAD Drivers/STM32F4xx_HAL_Driver/Src/stm32f4xx_hal_flash.o
LOAD Drivers/STM32F4xx_HAL_Driver/Src/stm32f4xx_hal_flash_ex.o
LOAD Drivers/STM32F4xx_HAL_Driver/Src/stm32f4xx_hal_flash_ramfunc.o
LOAD Drivers/STM32F4xx_HAL_Driver/Src/stm32f4xx_hal_gpio.o
LOAD Drivers/STM32F4xx_HAL_Driver/Src/stm32f4xx_hal_pwr.o
LOAD Drivers/STM32F4xx_HAL_Driver/Src/stm32f4xx_hal_pwr_ex.o
LOAD Drivers/STM32F4xx_HAL_Driver/Src/stm32f4xx_hal_rcc.o
LOAD Drivers/STM32F4xx_HAL_Driver/Src/stm32f4xx_hal_rcc_ex.o
LOAD Drivers/STM32F4xx_HAL_Driver/Src/stm32f4xx_hal_tim.o
LOAD Drivers/STM32F4xx_HAL_Driver/Src/stm32f4xx_hal_tim_ex.o
LOAD Drivers/STM32F4xx_HAL_Driver/Src/stm32f4xx_hal_uart.o
LOAD Src/lcd.o
LOAD Src/main.o
LOAD Src/stm32f4xx_hal_msp.o
LOAD Src/stm32f4xx_it.o
LOAD Src/syscalls.o
LOAD Src/system_stm32f4xx.o
LOAD startup/startup_stm32f401xe.o
LOAD /home/elisa/.eclipse/360744286_linux_gtk_x86_64/plugins/fr.ac6.mcu.externaltools.arm-none.linux64_1.17.0.201812190825/tools/compiler/bin/../lib/gcc/arm-none-eabi/7.3.1/../../../../arm-none-eabi/lib/thumb/v7e-m/fpv4-sp/hard/libm.a
START GROUP
LOAD /home/elisa/.eclipse/360744286_linux_gtk_x86_64/plugins/fr.ac6.mcu.externaltools.arm-none.linux64_1.17.0.201812190825/tools/compiler/bin/../lib/gcc/arm-none-eabi/7.3.1/thumb/v7e-m/fpv4-sp/hard/libgcc.a
LOAD /home/elisa/.eclipse/360744286_linux_gtk_x86_64/plugins/fr.ac6.mcu.externaltools.arm-none.linux64_1.17.0.201812190825/tools/compiler/bin/../lib/gcc/arm-none-eabi/7.3.1/../../../../arm-none-eabi/lib/thumb/v7e-m/fpv4-sp/hard/libc_nano.a
END GROUP
START GROUP
LOAD /home/elisa/.eclipse/360744286_linux_gtk_x86_64/plugins/fr.ac6.mcu.externaltools.arm-none.linux64_1.17.0.201812190825/tools/compiler/bin/../lib/gcc/arm-none-eabi/7.3.1/thumb/v7e-m/fpv4-sp/hard/libgcc.a
LOAD /home/elisa/.eclipse/360744286_linux_gtk_x86_64/plugins/fr.ac6.mcu.externaltools.arm-none.linux64_1.17.0.201812190825/tools/compiler/bin/../lib/gcc/arm-none-eabi/7.3.1/../../../../arm-none-eabi/lib/thumb/v7e-m/fpv4-sp/hard/libc_nano.a
LOAD /home/elisa/.eclipse/360744286_linux_gtk_x86_64/plugins/fr.ac6.mcu.externaltools.arm-none.linux64_1.17.0.201812190825/tools/compiler/bin/../lib/gcc/arm-none-eabi/7.3.1/../../../../arm-none-eabi/lib/thumb/v7e-m/fpv4-sp/hard/libnosys.a
END GROUP
START GROUP
LOAD /home/elisa/.eclipse/360744286_linux_gtk_x86_64/plugins/fr.ac6.mcu.externaltools.arm-none.linux64_1.17.0.201812190825/tools/compiler/bin/../lib/gcc/arm-none-eabi/7.3.1/thumb/v7e-m/fpv4-sp/hard/libgcc.a
LOAD /home/elisa/.eclipse/360744286_linux_gtk_x86_64/plugins/fr.ac6.mcu.externaltools.arm-none.linux64_1.17.0.201812190825/tools/compiler/bin/../lib/gcc/arm-none-eabi/7.3.1/../../../../arm-none-eabi/lib/thumb/v7e-m/fpv4-sp/hard/libc_nano.a
LOAD /home/elisa/.eclipse/360744286_linux_gtk_x86_64/plugins/fr.ac6.mcu.externaltools.arm-none.linux64_1.17.0.201812190825/tools/compiler/bin/../lib/gcc/arm-none-eabi/7.3.1/../../../../arm-none-eabi/lib/thumb/v7e-m/fpv4-sp/hard/libnosys.a
END GROUP
LOAD /home/elisa/.eclipse/360744286_linux_gtk_x86_64/plugins/fr.ac6.mcu.externaltools.arm-none.linux64_1.17.0.201812190825/tools/compiler/bin/../lib/gcc/arm-none-eabi/7.3.1/thumb/v7e-m/fpv4-sp/hard/crtend.o
LOAD /home/elisa/.eclipse/360744286_linux_gtk_x86_64/plugins/fr.ac6.mcu.externaltools.arm-none.linux64_1.17.0.201812190825/tools/compiler/bin/../lib/gcc/arm-none-eabi/7.3.1/thumb/v7e-m/fpv4-sp/hard/crtn.o
                0x0000000020018000                _estack = 0x20018000
                0x0000000000000200                _Min_Heap_Size = 0x200
                0x0000000000000400                _Min_Stack_Size = 0x400

.isr_vector     0x0000000008000000      0x194
                0x0000000008000000                . = ALIGN (0x4)
 *(.isr_vector)
 .isr_vector    0x0000000008000000      0x194 startup/startup_stm32f401xe.o
                0x0000000008000000                g_pfnVectors
                0x0000000008000194                . = ALIGN (0x4)

.text           0x0000000008000194     0x1740
                0x0000000008000194                . = ALIGN (0x4)
 *(.text)
 .text          0x0000000008000194       0x40 /home/elisa/.eclipse/360744286_linux_gtk_x86_64/plugins/fr.ac6.mcu.externaltools.arm-none.linux64_1.17.0.201812190825/tools/compiler/bin/../lib/gcc/arm-none-eabi/7.3.1/thumb/v7e-m/fpv4-sp/hard/crtbegin.o
 .text          0x00000000080001d4       0x30 /home/elisa/.eclipse/360744286_linux_gtk_x86_64/plugins/fr.ac6.mcu.externaltools.arm-none.linux64_1.17.0.201812190825/tools/compiler/bin/../lib/gcc/arm-none-eabi/7.3.1/thumb/v7e-m/fpv4-sp/hard/libgcc.a(_aeabi_uldivmod.o)
                0x00000000080001d4                __aeabi_uldivmod
 .text          0x0000000008000204      0x2cc /home/elisa/.eclipse/360744286_linux_gtk_x86_64/plugins/fr.ac6.mcu.externaltools.arm-none.linux64_1.17.0.201812190825/tools/compiler/bin/../lib/gcc/arm-none-eabi/7.3.1/thumb/v7e-m/fpv4-sp/hard/libgcc.a(_udivmoddi4.o)
                0x0000000008000204                __udivmoddi4
 .text          0x00000000080004d0        0x4 /home/elisa/.eclipse/360744286_linux_gtk_x86_64/plugins/fr.ac6.mcu.externaltools.arm-none.linux64_1.17.0.201812190825/tools/compiler/bin/../lib/gcc/arm-none-eabi/7.3.1/thumb/v7e-m/fpv4-sp/hard/libgcc.a(_dvmd_tls.o)
                0x00000000080004d0                __aeabi_ldiv0
                0x00000000080004d0                __aeabi_idiv0
 .text          0x00000000080004d4       0x10 /home/elisa/.eclipse/360744286_linux_gtk_x86_64/plugins/fr.ac6.mcu.externaltools.arm-none.linux64_1.17.0.201812190825/tools/compiler/bin/../lib/gcc/arm-none-eabi/7.3.1/../../../../arm-none-eabi/lib/thumb/v7e-m/fpv4-sp/hard/libc_nano.a(lib_a-strlen.o)
                0x00000000080004d4                strlen
 *(.text*)
 .text.HAL_InitTick
                0x00000000080004e4       0x48 Drivers/STM32F4xx_HAL_Driver/Src/stm32f4xx_hal.o
                0x00000000080004e4                HAL_InitTick
 .text.HAL_Init
                0x000000000800052c       0x34 Drivers/STM32F4xx_HAL_Driver/Src/stm32f4xx_hal.o
                0x000000000800052c                HAL_Init
 .text.HAL_IncTick
                0x0000000008000560       0x18 Drivers/STM32F4xx_HAL_Driver/Src/stm32f4xx_hal.o
                0x0000000008000560                HAL_IncTick
 .text.HAL_GetTick
                0x0000000008000578        0xc Drivers/STM32F4xx_HAL_Driver/Src/stm32f4xx_hal.o
                0x0000000008000578                HAL_GetTick
 .text.HAL_Delay
                0x0000000008000584       0x28 Drivers/STM32F4xx_HAL_Driver/Src/stm32f4xx_hal.o
                0x0000000008000584                HAL_Delay
 .text.HAL_NVIC_SetPriorityGrouping
                0x00000000080005ac       0x24 Drivers/STM32F4xx_HAL_Driver/Src/stm32f4xx_hal_cortex.o
                0x00000000080005ac                HAL_NVIC_SetPriorityGrouping
 .text.HAL_NVIC_SetPriority
                0x00000000080005d0       0x68 Drivers/STM32F4xx_HAL_Driver/Src/stm32f4xx_hal_cortex.o
                0x00000000080005d0                HAL_NVIC_SetPriority
 .text.HAL_SYSTICK_Config
                0x0000000008000638       0x2c Drivers/STM32F4xx_HAL_Driver/Src/stm32f4xx_hal_cortex.o
                0x0000000008000638                HAL_SYSTICK_Config
 .text.HAL_GPIO_Init
                0x0000000008000664      0x1a4 Drivers/STM32F4xx_HAL_Driver/Src/stm32f4xx_hal_gpio.o
                0x0000000008000664                HAL_GPIO_Init
 .text.HAL_GPIO_WritePin
                0x0000000008000808        0xc Drivers/STM32F4xx_HAL_Driver/Src/stm32f4xx_hal_gpio.o
                0x0000000008000808                HAL_GPIO_WritePin
 .text.HAL_RCC_OscConfig
                0x0000000008000814      0x3ec Drivers/STM32F4xx_HAL_Driver/Src/stm32f4xx_hal_rcc.o
                0x0000000008000814                HAL_RCC_OscConfig
 .text.HAL_RCC_GetSysClockFreq
                0x0000000008000c00       0xd8 Drivers/STM32F4xx_HAL_Driver/Src/stm32f4xx_hal_rcc.o
                0x0000000008000c00                HAL_RCC_GetSysClockFreq
 .text.HAL_RCC_ClockConfig
                0x0000000008000cd8      0x160 Drivers/STM32F4xx_HAL_Driver/Src/stm32f4xx_hal_rcc.o
                0x0000000008000cd8                HAL_RCC_ClockConfig
 .text.HAL_RCC_GetHCLKFreq
                0x0000000008000e38        0xc Drivers/STM32F4xx_HAL_Driver/Src/stm32f4xx_hal_rcc.o
                0x0000000008000e38                HAL_RCC_GetHCLKFreq
 .text.HAL_RCC_GetPCLK1Freq
                0x0000000008000e44       0x20 Drivers/STM32F4xx_HAL_Driver/Src/stm32f4xx_hal_rcc.o
                0x0000000008000e44                HAL_RCC_GetPCLK1Freq
 .text.HAL_RCC_GetPCLK2Freq
                0x0000000008000e64       0x20 Drivers/STM32F4xx_HAL_Driver/Src/stm32f4xx_hal_rcc.o
                0x0000000008000e64                HAL_RCC_GetPCLK2Freq
 .text.UART_SetConfig
                0x0000000008000e84      0x218 Drivers/STM32F4xx_HAL_Driver/Src/stm32f4xx_hal_uart.o
 .text.HAL_UART_Init
                0x000000000800109c       0x5e Drivers/STM32F4xx_HAL_Driver/Src/stm32f4xx_hal_uart.o
                0x000000000800109c                HAL_UART_Init
 .text.lcd_load
                0x00000000080010fa       0x9e Src/lcd.o
 .text.lcd_generate
                0x0000000008001198       0x1c Src/lcd.o
                0x0000000008001198                lcd_generate
 .text.lcd_init
                0x00000000080011b4       0x7e Src/lcd.o
                0x00000000080011b4                lcd_init
 .text.lcd_clear_display
                0x0000000008001232       0x3a Src/lcd.o
                0x0000000008001232                lcd_clear_display
 .text.lcd_pos_cursor
                0x000000000800126c       0x30 Src/lcd.o
                0x000000000800126c                lcd_pos_cursor
 .text.lcd_shift_cursor
                0x000000000800129c       0xa2 Src/lcd.o
                0x000000000800129c                lcd_shift_cursor
 .text.lcd_write_data
                0x000000000800133e       0x40 Src/lcd.o
                0x000000000800133e                lcd_write_data
 .text.lcd_shift_display_matrix
                0x000000000800137e      0x138 Src/lcd.o
                0x000000000800137e                lcd_shift_display_matrix
 *fill*         0x00000000080014b6        0x2 
 .text.MX_GPIO_Init
                0x00000000080014b8       0xd0 Src/main.o
 .text.MX_USART2_UART_Init
                0x0000000008001588       0x2c Src/main.o
 .text.SystemClock_Config
                0x00000000080015b4       0x94 Src/main.o
                0x00000000080015b4                SystemClock_Config
 .text.main     0x0000000008001648       0xd0 Src/main.o
                0x0000000008001648                main
 .text.HAL_MspInit
                0x0000000008001718       0x40 Src/stm32f4xx_hal_msp.o
                0x0000000008001718                HAL_MspInit
 .text.HAL_UART_MspInit
                0x0000000008001758       0x6c Src/stm32f4xx_hal_msp.o
                0x0000000008001758                HAL_UART_MspInit
 .text.NMI_Handler
                0x00000000080017c4        0x2 Src/stm32f4xx_it.o
                0x00000000080017c4                NMI_Handler
 .text.HardFault_Handler
                0x00000000080017c6        0x2 Src/stm32f4xx_it.o
                0x00000000080017c6                HardFault_Handler
 .text.MemManage_Handler
                0x00000000080017c8        0x2 Src/stm32f4xx_it.o
                0x00000000080017c8                MemManage_Handler
 .text.BusFault_Handler
                0x00000000080017ca        0x2 Src/stm32f4xx_it.o
                0x00000000080017ca                BusFault_Handler
 .text.UsageFault_Handler
                0x00000000080017cc        0x2 Src/stm32f4xx_it.o
                0x00000000080017cc                UsageFault_Handler
 .text.SVC_Handler
                0x00000000080017ce        0x2 Src/stm32f4xx_it.o
                0x00000000080017ce                SVC_Handler
 .text.DebugMon_Handler
                0x00000000080017d0        0x2 Src/stm32f4xx_it.o
                0x00000000080017d0                DebugMon_Handler
 .text.PendSV_Handler
                0x00000000080017d2        0x2 Src/stm32f4xx_it.o
                0x00000000080017d2                PendSV_Handler
 .text.SysTick_Handler
                0x00000000080017d4        0x8 Src/stm32f4xx_it.o
                0x00000000080017d4                SysTick_Handler
 .text.SystemInit
                0x00000000080017dc       0x1c Src/system_stm32f4xx.o
                0x00000000080017dc                SystemInit
 .text.Reset_Handler
                0x00000000080017f8       0x50 startup/startup_stm32f401xe.o
                0x00000000080017f8                Reset_Handler
 .text.Default_Handler
                0x0000000008001848        0x2 startup/startup_stm32f401xe.o
                0x0000000008001848                RTC_Alarm_IRQHandler
                0x0000000008001848                EXTI2_IRQHandler
                0x0000000008001848                SPI4_IRQHandler
                0x0000000008001848                TIM1_CC_IRQHandler
                0x0000000008001848                DMA2_Stream5_IRQHandler
                0x0000000008001848                DMA1_Stream5_IRQHandler
                0x0000000008001848                PVD_IRQHandler
                0x0000000008001848                SDIO_IRQHandler
                0x0000000008001848                TAMP_STAMP_IRQHandler
                0x0000000008001848                EXTI3_IRQHandler
                0x0000000008001848                TIM1_UP_TIM10_IRQHandler
                0x0000000008001848                I2C3_ER_IRQHandler
                0x0000000008001848                EXTI0_IRQHandler
                0x0000000008001848                I2C2_EV_IRQHandler
                0x0000000008001848                DMA1_Stream2_IRQHandler
                0x0000000008001848                FPU_IRQHandler
                0x0000000008001848                DMA2_Stream2_IRQHandler
                0x0000000008001848                SPI1_IRQHandler
                0x0000000008001848                TIM1_BRK_TIM9_IRQHandler
                0x0000000008001848                DMA2_Stream3_IRQHandler
                0x0000000008001848                USART6_IRQHandler
                0x0000000008001848                DMA2_Stream0_IRQHandler
                0x0000000008001848                TIM4_IRQHandler
                0x0000000008001848                I2C1_EV_IRQHandler
                0x0000000008001848                DMA1_Stream6_IRQHandler
                0x0000000008001848                DMA1_Stream1_IRQHandler
                0x0000000008001848                TIM3_IRQHandler
                0x0000000008001848                RCC_IRQHandler
                0x0000000008001848                Default_Handler
                0x0000000008001848                EXTI15_10_IRQHandler
                0x0000000008001848                ADC_IRQHandler
                0x0000000008001848                DMA1_Stream7_IRQHandler
                0x0000000008001848                TIM5_IRQHandler
                0x0000000008001848                DMA2_Stream7_IRQHandler
                0x0000000008001848                I2C3_EV_IRQHandler
                0x0000000008001848                EXTI9_5_IRQHandler
                0x0000000008001848                RTC_WKUP_IRQHandler
                0x0000000008001848                SPI2_IRQHandler
                0x0000000008001848                DMA1_Stream0_IRQHandler
                0x0000000008001848                EXTI4_IRQHandler
                0x0000000008001848                WWDG_IRQHandler
                0x0000000008001848                TIM2_IRQHandler
                0x0000000008001848                OTG_FS_WKUP_IRQHandler
                0x0000000008001848                TIM1_TRG_COM_TIM11_IRQHandler
                0x0000000008001848                EXTI1_IRQHandler
                0x0000000008001848                USART2_IRQHandler
                0x0000000008001848                I2C2_ER_IRQHandler
                0x0000000008001848                DMA2_Stream1_IRQHandler
                0x0000000008001848                FLASH_IRQHandler
                0x0000000008001848                DMA2_Stream4_IRQHandler
                0x0000000008001848                USART1_IRQHandler
                0x0000000008001848                OTG_FS_IRQHandler
                0x0000000008001848                SPI3_IRQHandler
                0x0000000008001848                DMA1_Stream4_IRQHandler
                0x0000000008001848                I2C1_ER_IRQHandler
                0x0000000008001848                DMA2_Stream6_IRQHandler
                0x0000000008001848                DMA1_Stream3_IRQHandler
 *fill*         0x000000000800184a        0x2 
 .text.__libc_init_array
                0x000000000800184c       0x48 /home/elisa/.eclipse/360744286_linux_gtk_x86_64/plugins/fr.ac6.mcu.externaltools.arm-none.linux64_1.17.0.201812190825/tools/compiler/bin/../lib/gcc/arm-none-eabi/7.3.1/../../../../arm-none-eabi/lib/thumb/v7e-m/fpv4-sp/hard/libc_nano.a(lib_a-init.o)
                0x000000000800184c                __libc_init_array
 .text.memcpy   0x0000000008001894       0x16 /home/elisa/.eclipse/360744286_linux_gtk_x86_64/plugins/fr.ac6.mcu.externaltools.arm-none.linux64_1.17.0.201812190825/tools/compiler/bin/../lib/gcc/arm-none-eabi/7.3.1/../../../../arm-none-eabi/lib/thumb/v7e-m/fpv4-sp/hard/libc_nano.a(lib_a-memcpy-stub.o)
                0x0000000008001894                memcpy
 .text.memset   0x00000000080018aa       0x10 /home/elisa/.eclipse/360744286_linux_gtk_x86_64/plugins/fr.ac6.mcu.externaltools.arm-none.linux64_1.17.0.201812190825/tools/compiler/bin/../lib/gcc/arm-none-eabi/7.3.1/../../../../arm-none-eabi/lib/thumb/v7e-m/fpv4-sp/hard/libc_nano.a(lib_a-memset.o)
                0x00000000080018aa                memset
 *(.glue_7)
 .glue_7        0x00000000080018ba        0x0 linker stubs
 *(.glue_7t)
 .glue_7t       0x00000000080018ba        0x0 linker stubs
 *(.eh_frame)
 *fill*         0x00000000080018ba        0x2 
 .eh_frame      0x00000000080018bc        0x0 /home/elisa/.eclipse/360744286_linux_gtk_x86_64/plugins/fr.ac6.mcu.externaltools.arm-none.linux64_1.17.0.201812190825/tools/compiler/bin/../lib/gcc/arm-none-eabi/7.3.1/thumb/v7e-m/fpv4-sp/hard/crtbegin.o
 *(.init)
 .init          0x00000000080018bc        0x4 /home/elisa/.eclipse/360744286_linux_gtk_x86_64/plugins/fr.ac6.mcu.externaltools.arm-none.linux64_1.17.0.201812190825/tools/compiler/bin/../lib/gcc/arm-none-eabi/7.3.1/thumb/v7e-m/fpv4-sp/hard/crti.o
                0x00000000080018bc                _init
 .init          0x00000000080018c0        0x8 /home/elisa/.eclipse/360744286_linux_gtk_x86_64/plugins/fr.ac6.mcu.externaltools.arm-none.linux64_1.17.0.201812190825/tools/compiler/bin/../lib/gcc/arm-none-eabi/7.3.1/thumb/v7e-m/fpv4-sp/hard/crtn.o
 *(.fini)
 .fini          0x00000000080018c8        0x4 /home/elisa/.eclipse/360744286_linux_gtk_x86_64/plugins/fr.ac6.mcu.externaltools.arm-none.linux64_1.17.0.201812190825/tools/compiler/bin/../lib/gcc/arm-none-eabi/7.3.1/thumb/v7e-m/fpv4-sp/hard/crti.o
                0x00000000080018c8                _fini
 .fini          0x00000000080018cc        0x8 /home/elisa/.eclipse/360744286_linux_gtk_x86_64/plugins/fr.ac6.mcu.externaltools.arm-none.linux64_1.17.0.201812190825/tools/compiler/bin/../lib/gcc/arm-none-eabi/7.3.1/thumb/v7e-m/fpv4-sp/hard/crtn.o
                0x00000000080018d4                . = ALIGN (0x4)
                0x00000000080018d4                _etext = .

.vfp11_veneer   0x00000000080018d4        0x0
 .vfp11_veneer  0x00000000080018d4        0x0 linker stubs

.v4_bx          0x00000000080018d4        0x0
 .v4_bx         0x00000000080018d4        0x0 linker stubs

.iplt           0x00000000080018d4        0x0
 .iplt          0x00000000080018d4        0x0 /home/elisa/.eclipse/360744286_linux_gtk_x86_64/plugins/fr.ac6.mcu.externaltools.arm-none.linux64_1.17.0.201812190825/tools/compiler/bin/../lib/gcc/arm-none-eabi/7.3.1/thumb/v7e-m/fpv4-sp/hard/crtbegin.o

.rodata         0x00000000080018d4       0x48
                0x00000000080018d4                . = ALIGN (0x4)
 *(.rodata)
 .rodata        0x00000000080018d4        0x8 Src/lcd.o
                0x00000000080018d4                lcd_row_addresses
                0x00000000080018d8                lcd_row_positions
 .rodata        0x00000000080018dc       0x22 Src/main.o
 *fill*         0x00000000080018fe        0x2 
 .rodata        0x0000000008001900       0x18 Src/system_stm32f4xx.o
                0x0000000008001900                AHBPrescTable
                0x0000000008001910                APBPrescTable
 *(.rodata*)
 .rodata.str1.4
                0x0000000008001918        0x4 Src/main.o
                                          0x2 (size before relaxing)
                0x000000000800191c                . = ALIGN (0x4)

.ARM.extab
 *(.ARM.extab* .gnu.linkonce.armextab.*)

.ARM            0x000000000800191c        0x8
                0x000000000800191c                __exidx_start = .
 *(.ARM.exidx*)
 .ARM.exidx     0x000000000800191c        0x8 /home/elisa/.eclipse/360744286_linux_gtk_x86_64/plugins/fr.ac6.mcu.externaltools.arm-none.linux64_1.17.0.201812190825/tools/compiler/bin/../lib/gcc/arm-none-eabi/7.3.1/thumb/v7e-m/fpv4-sp/hard/libgcc.a(_udivmoddi4.o)
                0x0000000008001924                __exidx_end = .

.rel.dyn        0x0000000008001924        0x0
 .rel.iplt      0x0000000008001924        0x0 /home/elisa/.eclipse/360744286_linux_gtk_x86_64/plugins/fr.ac6.mcu.externaltools.arm-none.linux64_1.17.0.201812190825/tools/compiler/bin/../lib/gcc/arm-none-eabi/7.3.1/thumb/v7e-m/fpv4-sp/hard/crtbegin.o

.preinit_array  0x0000000008001924        0x0
                0x0000000008001924                PROVIDE (__preinit_array_start = .)
 *(.preinit_array*)
                0x0000000008001924                PROVIDE (__preinit_array_end = .)

.init_array     0x0000000008001924        0x4
                0x0000000008001924                PROVIDE (__init_array_start = .)
 *(SORT_BY_NAME(.init_array.*))
 *(.init_array*)
 .init_array    0x0000000008001924        0x4 /home/elisa/.eclipse/360744286_linux_gtk_x86_64/plugins/fr.ac6.mcu.externaltools.arm-none.linux64_1.17.0.201812190825/tools/compiler/bin/../lib/gcc/arm-none-eabi/7.3.1/thumb/v7e-m/fpv4-sp/hard/crtbegin.o
                0x0000000008001928                PROVIDE (__init_array_end = .)

.fini_array     0x0000000008001928        0x4
                [!provide]                        PROVIDE (__fini_array_start = .)
 *(SORT_BY_NAME(.fini_array.*))
 *(.fini_array*)
 .fini_array    0x0000000008001928        0x4 /home/elisa/.eclipse/360744286_linux_gtk_x86_64/plugins/fr.ac6.mcu.externaltools.arm-none.linux64_1.17.0.201812190825/tools/compiler/bin/../lib/gcc/arm-none-eabi/7.3.1/thumb/v7e-m/fpv4-sp/hard/crtbegin.o
                [!provide]                        PROVIDE (__fini_array_end = .)
                0x000000000800192c                _sidata = LOADADDR (.data)

.data           0x0000000020000000        0xc load address 0x000000000800192c
                0x0000000020000000                . = ALIGN (0x4)
                0x0000000020000000                _sdata = .
 *(.data)
 .data          0x0000000020000000        0x8 Drivers/STM32F4xx_HAL_Driver/Src/stm32f4xx_hal.o
                0x0000000020000000                uwTickFreq
                0x0000000020000004                uwTickPrio
 .data          0x0000000020000008        0x4 Src/system_stm32f4xx.o
                0x0000000020000008                SystemCoreClock
 *(.data*)
                0x000000002000000c                . = ALIGN (0x4)
                0x000000002000000c                _edata = .

.igot.plt       0x000000002000000c        0x0 load address 0x0000000008001938
 .igot.plt      0x000000002000000c        0x0 /home/elisa/.eclipse/360744286_linux_gtk_x86_64/plugins/fr.ac6.mcu.externaltools.arm-none.linux64_1.17.0.201812190825/tools/compiler/bin/../lib/gcc/arm-none-eabi/7.3.1/thumb/v7e-m/fpv4-sp/hard/crtbegin.o
                0x000000002000000c                . = ALIGN (0x4)

.bss            0x000000002000000c       0x60 load address 0x0000000008001938
                0x000000002000000c                _sbss = .
                0x000000002000000c                __bss_start__ = _sbss
 *(.bss)
 .bss           0x000000002000000c       0x1c /home/elisa/.eclipse/360744286_linux_gtk_x86_64/plugins/fr.ac6.mcu.externaltools.arm-none.linux64_1.17.0.201812190825/tools/compiler/bin/../lib/gcc/arm-none-eabi/7.3.1/thumb/v7e-m/fpv4-sp/hard/crtbegin.o
 *(.bss*)
 *(COMMON)
 COMMON         0x0000000020000028        0x4 Drivers/STM32F4xx_HAL_Driver/Src/stm32f4xx_hal.o
                0x0000000020000028                uwTick
 COMMON         0x000000002000002c       0x40 Src/main.o
                0x000000002000002c                huart2
                0x000000002000006c                . = ALIGN (0x4)
                0x000000002000006c                _ebss = .
                0x000000002000006c                __bss_end__ = _ebss

._user_heap_stack
                0x000000002000006c      0x604 load address 0x0000000008001938
                0x0000000020000070                . = ALIGN (0x8)
 *fill*         0x000000002000006c        0x4 
                0x0000000020000070                PROVIDE (end = .)
                [!provide]                        PROVIDE (_end = .)
                0x0000000020000270                . = (. + _Min_Heap_Size)
 *fill*         0x0000000020000070      0x200 
                0x0000000020000670                . = (. + _Min_Stack_Size)
 *fill*         0x0000000020000270      0x400 
                0x0000000020000670                . = ALIGN (0x8)

/DISCARD/
 libc.a(*)
 libm.a(*)
 libgcc.a(*)

.ARM.attributes
                0x0000000000000000       0x30
 *(.ARM.attributes)
 .ARM.attributes
                0x0000000000000000       0x22 /home/elisa/.eclipse/360744286_linux_gtk_x86_64/plugins/fr.ac6.mcu.externaltools.arm-none.linux64_1.17.0.201812190825/tools/compiler/bin/../lib/gcc/arm-none-eabi/7.3.1/thumb/v7e-m/fpv4-sp/hard/crti.o
 .ARM.attributes
                0x0000000000000022       0x34 /home/elisa/.eclipse/360744286_linux_gtk_x86_64/plugins/fr.ac6.mcu.externaltools.arm-none.linux64_1.17.0.201812190825/tools/compiler/bin/../lib/gcc/arm-none-eabi/7.3.1/thumb/v7e-m/fpv4-sp/hard/crtbegin.o
 .ARM.attributes
                0x0000000000000056       0x39 Drivers/STM32F4xx_HAL_Driver/Src/stm32f4xx_hal.o
 .ARM.attributes
                0x000000000000008f       0x39 Drivers/STM32F4xx_HAL_Driver/Src/stm32f4xx_hal_cortex.o
 .ARM.attributes
                0x00000000000000c8       0x39 Drivers/STM32F4xx_HAL_Driver/Src/stm32f4xx_hal_gpio.o
 .ARM.attributes
                0x0000000000000101       0x39 Drivers/STM32F4xx_HAL_Driver/Src/stm32f4xx_hal_rcc.o
 .ARM.attributes
                0x000000000000013a       0x39 Drivers/STM32F4xx_HAL_Driver/Src/stm32f4xx_hal_uart.o
 .ARM.attributes
                0x0000000000000173       0x39 Src/lcd.o
 .ARM.attributes
                0x00000000000001ac       0x39 Src/main.o
 .ARM.attributes
                0x00000000000001e5       0x39 Src/stm32f4xx_hal_msp.o
 .ARM.attributes
                0x000000000000021e       0x39 Src/stm32f4xx_it.o
 .ARM.attributes
                0x0000000000000257       0x39 Src/system_stm32f4xx.o
 .ARM.attributes
                0x0000000000000290       0x21 startup/startup_stm32f401xe.o
 .ARM.attributes
                0x00000000000002b1       0x22 /home/elisa/.eclipse/360744286_linux_gtk_x86_64/plugins/fr.ac6.mcu.externaltools.arm-none.linux64_1.17.0.201812190825/tools/compiler/bin/../lib/gcc/arm-none-eabi/7.3.1/thumb/v7e-m/fpv4-sp/hard/libgcc.a(_aeabi_uldivmod.o)
 .ARM.attributes
                0x00000000000002d3       0x34 /home/elisa/.eclipse/360744286_linux_gtk_x86_64/plugins/fr.ac6.mcu.externaltools.arm-none.linux64_1.17.0.201812190825/tools/compiler/bin/../lib/gcc/arm-none-eabi/7.3.1/thumb/v7e-m/fpv4-sp/hard/libgcc.a(_udivmoddi4.o)
 .ARM.attributes
                0x0000000000000307       0x22 /home/elisa/.eclipse/360744286_linux_gtk_x86_64/plugins/fr.ac6.mcu.externaltools.arm-none.linux64_1.17.0.201812190825/tools/compiler/bin/../lib/gcc/arm-none-eabi/7.3.1/thumb/v7e-m/fpv4-sp/hard/libgcc.a(_dvmd_tls.o)
 .ARM.attributes
                0x0000000000000329       0x34 /home/elisa/.eclipse/360744286_linux_gtk_x86_64/plugins/fr.ac6.mcu.externaltools.arm-none.linux64_1.17.0.201812190825/tools/compiler/bin/../lib/gcc/arm-none-eabi/7.3.1/../../../../arm-none-eabi/lib/thumb/v7e-m/fpv4-sp/hard/libc_nano.a(lib_a-init.o)
 .ARM.attributes
                0x000000000000035d       0x34 /home/elisa/.eclipse/360744286_linux_gtk_x86_64/plugins/fr.ac6.mcu.externaltools.arm-none.linux64_1.17.0.201812190825/tools/compiler/bin/../lib/gcc/arm-none-eabi/7.3.1/../../../../arm-none-eabi/lib/thumb/v7e-m/fpv4-sp/hard/libc_nano.a(lib_a-memcpy-stub.o)
 .ARM.attributes
                0x0000000000000391       0x34 /home/elisa/.eclipse/360744286_linux_gtk_x86_64/plugins/fr.ac6.mcu.externaltools.arm-none.linux64_1.17.0.201812190825/tools/compiler/bin/../lib/gcc/arm-none-eabi/7.3.1/../../../../arm-none-eabi/lib/thumb/v7e-m/fpv4-sp/hard/libc_nano.a(lib_a-memset.o)
 .ARM.attributes
                0x00000000000003c5       0x1b /home/elisa/.eclipse/360744286_linux_gtk_x86_64/plugins/fr.ac6.mcu.externaltools.arm-none.linux64_1.17.0.201812190825/tools/compiler/bin/../lib/gcc/arm-none-eabi/7.3.1/../../../../arm-none-eabi/lib/thumb/v7e-m/fpv4-sp/hard/libc_nano.a(lib_a-strlen.o)
 .ARM.attributes
                0x00000000000003e0       0x22 /home/elisa/.eclipse/360744286_linux_gtk_x86_64/plugins/fr.ac6.mcu.externaltools.arm-none.linux64_1.17.0.201812190825/tools/compiler/bin/../lib/gcc/arm-none-eabi/7.3.1/thumb/v7e-m/fpv4-sp/hard/crtn.o
OUTPUT(try1.elf elf32-littlearm)

.debug_info     0x0000000000000000     0x812c
 .debug_info    0x0000000000000000      0x97a Drivers/STM32F4xx_HAL_Driver/Src/stm32f4xx_hal.o
 .debug_info    0x000000000000097a      0xef6 Drivers/STM32F4xx_HAL_Driver/Src/stm32f4xx_hal_cortex.o
 .debug_info    0x0000000000001870      0x7e4 Drivers/STM32F4xx_HAL_Driver/Src/stm32f4xx_hal_gpio.o
 .debug_info    0x0000000000002054      0xab9 Drivers/STM32F4xx_HAL_Driver/Src/stm32f4xx_hal_rcc.o
 .debug_info    0x0000000000002b0d     0x1715 Drivers/STM32F4xx_HAL_Driver/Src/stm32f4xx_hal_uart.o
 .debug_info    0x0000000000004222     0x1585 Src/lcd.o
 .debug_info    0x00000000000057a7     0x17ea Src/main.o
 .debug_info    0x0000000000006f91      0x9d3 Src/stm32f4xx_hal_msp.o
 .debug_info    0x0000000000007964      0x223 Src/stm32f4xx_it.o
 .debug_info    0x0000000000007b87      0x583 Src/system_stm32f4xx.o
 .debug_info    0x000000000000810a       0x22 startup/startup_stm32f401xe.o

.debug_abbrev   0x0000000000000000     0x15cc
 .debug_abbrev  0x0000000000000000      0x218 Drivers/STM32F4xx_HAL_Driver/Src/stm32f4xx_hal.o
 .debug_abbrev  0x0000000000000218      0x328 Drivers/STM32F4xx_HAL_Driver/Src/stm32f4xx_hal_cortex.o
 .debug_abbrev  0x0000000000000540      0x1e7 Drivers/STM32F4xx_HAL_Driver/Src/stm32f4xx_hal_gpio.o
 .debug_abbrev  0x0000000000000727      0x273 Drivers/STM32F4xx_HAL_Driver/Src/stm32f4xx_hal_rcc.o
 .debug_abbrev  0x000000000000099a      0x297 Drivers/STM32F4xx_HAL_Driver/Src/stm32f4xx_hal_uart.o
 .debug_abbrev  0x0000000000000c31      0x310 Src/lcd.o
 .debug_abbrev  0x0000000000000f41      0x2c6 Src/main.o
 .debug_abbrev  0x0000000000001207      0x1a4 Src/stm32f4xx_hal_msp.o
 .debug_abbrev  0x00000000000013ab       0xe4 Src/stm32f4xx_it.o
 .debug_abbrev  0x000000000000148f      0x12b Src/system_stm32f4xx.o
 .debug_abbrev  0x00000000000015ba       0x12 startup/startup_stm32f401xe.o

.debug_loc      0x0000000000000000     0x2c63
 .debug_loc     0x0000000000000000      0x11b Drivers/STM32F4xx_HAL_Driver/Src/stm32f4xx_hal.o
 .debug_loc     0x000000000000011b      0x5ce Drivers/STM32F4xx_HAL_Driver/Src/stm32f4xx_hal_cortex.o
 .debug_loc     0x00000000000006e9      0x476 Drivers/STM32F4xx_HAL_Driver/Src/stm32f4xx_hal_gpio.o
 .debug_loc     0x0000000000000b5f      0x40f Drivers/STM32F4xx_HAL_Driver/Src/stm32f4xx_hal_rcc.o
 .debug_loc     0x0000000000000f6e     0x1599 Drivers/STM32F4xx_HAL_Driver/Src/stm32f4xx_hal_uart.o
 .debug_loc     0x0000000000002507      0x5aa Src/lcd.o
 .debug_loc     0x0000000000002ab1       0x74 Src/stm32f4xx_hal_msp.o
 .debug_loc     0x0000000000002b25      0x13e Src/system_stm32f4xx.o

.debug_aranges  0x0000000000000000      0x5e0
 .debug_aranges
                0x0000000000000000       0xf0 Drivers/STM32F4xx_HAL_Driver/Src/stm32f4xx_hal.o
 .debug_aranges
                0x00000000000000f0       0xa8 Drivers/STM32F4xx_HAL_Driver/Src/stm32f4xx_hal_cortex.o
 .debug_aranges
                0x0000000000000198       0x58 Drivers/STM32F4xx_HAL_Driver/Src/stm32f4xx_hal_gpio.o
 .debug_aranges
                0x00000000000001f0       0x88 Drivers/STM32F4xx_HAL_Driver/Src/stm32f4xx_hal_rcc.o
 .debug_aranges
                0x0000000000000278      0x1d0 Drivers/STM32F4xx_HAL_Driver/Src/stm32f4xx_hal_uart.o
 .debug_aranges
                0x0000000000000448       0x78 Src/lcd.o
 .debug_aranges
                0x00000000000004c0       0x40 Src/main.o
 .debug_aranges
                0x0000000000000500       0x30 Src/stm32f4xx_hal_msp.o
 .debug_aranges
                0x0000000000000530       0x60 Src/stm32f4xx_it.o
 .debug_aranges
                0x0000000000000590       0x28 Src/system_stm32f4xx.o
 .debug_aranges
                0x00000000000005b8       0x28 startup/startup_stm32f401xe.o

.debug_ranges   0x0000000000000000      0x658
 .debug_ranges  0x0000000000000000       0xe0 Drivers/STM32F4xx_HAL_Driver/Src/stm32f4xx_hal.o
 .debug_ranges  0x00000000000000e0       0xf8 Drivers/STM32F4xx_HAL_Driver/Src/stm32f4xx_hal_cortex.o
 .debug_ranges  0x00000000000001d8       0x48 Drivers/STM32F4xx_HAL_Driver/Src/stm32f4xx_hal_gpio.o
 .debug_ranges  0x0000000000000220       0x90 Drivers/STM32F4xx_HAL_Driver/Src/stm32f4xx_hal_rcc.o
 .debug_ranges  0x00000000000002b0      0x1c0 Drivers/STM32F4xx_HAL_Driver/Src/stm32f4xx_hal_uart.o
 .debug_ranges  0x0000000000000470      0x110 Src/lcd.o
 .debug_ranges  0x0000000000000580       0x30 Src/main.o
 .debug_ranges  0x00000000000005b0       0x20 Src/stm32f4xx_hal_msp.o
 .debug_ranges  0x00000000000005d0       0x50 Src/stm32f4xx_it.o
 .debug_ranges  0x0000000000000620       0x18 Src/system_stm32f4xx.o
 .debug_ranges  0x0000000000000638       0x20 startup/startup_stm32f401xe.o

.debug_macro    0x0000000000000000    0x15692
 .debug_macro   0x0000000000000000      0x21a Drivers/STM32F4xx_HAL_Driver/Src/stm32f4xx_hal.o
 .debug_macro   0x000000000000021a      0xa54 Drivers/STM32F4xx_HAL_Driver/Src/stm32f4xx_hal.o
 .debug_macro   0x0000000000000c6e      0x28e Drivers/STM32F4xx_HAL_Driver/Src/stm32f4xx_hal.o
 .debug_macro   0x0000000000000efc       0x2e Drivers/STM32F4xx_HAL_Driver/Src/stm32f4xx_hal.o
 .debug_macro   0x0000000000000f2a       0x28 Drivers/STM32F4xx_HAL_Driver/Src/stm32f4xx_hal.o
 .debug_macro   0x0000000000000f52       0x22 Drivers/STM32F4xx_HAL_Driver/Src/stm32f4xx_hal.o
 .debug_macro   0x0000000000000f74       0x8e Drivers/STM32F4xx_HAL_Driver/Src/stm32f4xx_hal.o
 .debug_macro   0x0000000000001002       0x51 Drivers/STM32F4xx_HAL_Driver/Src/stm32f4xx_hal.o
 .debug_macro   0x0000000000001053       0xef Drivers/STM32F4xx_HAL_Driver/Src/stm32f4xx_hal.o
 .debug_macro   0x0000000000001142       0x6a Drivers/STM32F4xx_HAL_Driver/Src/stm32f4xx_hal.o
 .debug_macro   0x00000000000011ac      0x1df Drivers/STM32F4xx_HAL_Driver/Src/stm32f4xx_hal.o
 .debug_macro   0x000000000000138b       0x1c Drivers/STM32F4xx_HAL_Driver/Src/stm32f4xx_hal.o
 .debug_macro   0x00000000000013a7       0x22 Drivers/STM32F4xx_HAL_Driver/Src/stm32f4xx_hal.o
 .debug_macro   0x00000000000013c9       0xdf Drivers/STM32F4xx_HAL_Driver/Src/stm32f4xx_hal.o
 .debug_macro   0x00000000000014a8     0x102d Drivers/STM32F4xx_HAL_Driver/Src/stm32f4xx_hal.o
 .debug_macro   0x00000000000024d5      0x11f Drivers/STM32F4xx_HAL_Driver/Src/stm32f4xx_hal.o
 .debug_macro   0x00000000000025f4     0xb850 Drivers/STM32F4xx_HAL_Driver/Src/stm32f4xx_hal.o
 .debug_macro   0x000000000000de44       0x43 Drivers/STM32F4xx_HAL_Driver/Src/stm32f4xx_hal.o
 .debug_macro   0x000000000000de87     0x3659 Drivers/STM32F4xx_HAL_Driver/Src/stm32f4xx_hal.o
 .debug_macro   0x00000000000114e0      0x174 Drivers/STM32F4xx_HAL_Driver/Src/stm32f4xx_hal.o
 .debug_macro   0x0000000000011654       0x5a Drivers/STM32F4xx_HAL_Driver/Src/stm32f4xx_hal.o
 .debug_macro   0x00000000000116ae      0x416 Drivers/STM32F4xx_HAL_Driver/Src/stm32f4xx_hal.o
 .debug_macro   0x0000000000011ac4      0x9fe Drivers/STM32F4xx_HAL_Driver/Src/stm32f4xx_hal.o
 .debug_macro   0x00000000000124c2      0x117 Drivers/STM32F4xx_HAL_Driver/Src/stm32f4xx_hal.o
 .debug_macro   0x00000000000125d9       0xf8 Drivers/STM32F4xx_HAL_Driver/Src/stm32f4xx_hal.o
 .debug_macro   0x00000000000126d1       0x27 Drivers/STM32F4xx_HAL_Driver/Src/stm32f4xx_hal.o
 .debug_macro   0x00000000000126f8      0x15f Drivers/STM32F4xx_HAL_Driver/Src/stm32f4xx_hal.o
 .debug_macro   0x0000000000012857      0x287 Drivers/STM32F4xx_HAL_Driver/Src/stm32f4xx_hal.o
 .debug_macro   0x0000000000012ade       0x5f Drivers/STM32F4xx_HAL_Driver/Src/stm32f4xx_hal.o
 .debug_macro   0x0000000000012b3d      0x236 Drivers/STM32F4xx_HAL_Driver/Src/stm32f4xx_hal.o
 .debug_macro   0x0000000000012d73      0x132 Drivers/STM32F4xx_HAL_Driver/Src/stm32f4xx_hal.o
 .debug_macro   0x0000000000012ea5      0x264 Drivers/STM32F4xx_HAL_Driver/Src/stm32f4xx_hal.o
 .debug_macro   0x0000000000013109       0x2e Drivers/STM32F4xx_HAL_Driver/Src/stm32f4xx_hal.o
 .debug_macro   0x0000000000013137      0x11a Drivers/STM32F4xx_HAL_Driver/Src/stm32f4xx_hal.o
 .debug_macro   0x0000000000013251       0x85 Drivers/STM32F4xx_HAL_Driver/Src/stm32f4xx_hal.o
 .debug_macro   0x00000000000132d6       0x89 Drivers/STM32F4xx_HAL_Driver/Src/stm32f4xx_hal.o
 .debug_macro   0x000000000001335f      0x287 Drivers/STM32F4xx_HAL_Driver/Src/stm32f4xx_hal.o
 .debug_macro   0x00000000000135e6      0x126 Drivers/STM32F4xx_HAL_Driver/Src/stm32f4xx_hal.o
 .debug_macro   0x000000000001370c      0x1ba Drivers/STM32F4xx_HAL_Driver/Src/stm32f4xx_hal_cortex.o
 .debug_macro   0x00000000000138c6      0x1f0 Drivers/STM32F4xx_HAL_Driver/Src/stm32f4xx_hal_gpio.o
 .debug_macro   0x0000000000013ab6      0x1de Drivers/STM32F4xx_HAL_Driver/Src/stm32f4xx_hal_rcc.o
 .debug_macro   0x0000000000013c94      0x1bb Drivers/STM32F4xx_HAL_Driver/Src/stm32f4xx_hal_uart.o
 .debug_macro   0x0000000000013e4f      0x353 Src/lcd.o
 .debug_macro   0x00000000000141a2       0x5e Src/lcd.o
 .debug_macro   0x0000000000014200       0x18 Src/lcd.o
 .debug_macro   0x0000000000014218       0x35 Src/lcd.o
 .debug_macro   0x000000000001424d       0x34 Src/lcd.o
 .debug_macro   0x0000000000014281       0x58 Src/lcd.o
 .debug_macro   0x00000000000142d9       0x1f Src/lcd.o
 .debug_macro   0x00000000000142f8       0x43 Src/lcd.o
 .debug_macro   0x000000000001433b       0x20 Src/lcd.o
 .debug_macro   0x000000000001435b      0x18e Src/lcd.o
 .debug_macro   0x00000000000144e9      0x32a Src/lcd.o
 .debug_macro   0x0000000000014813       0x10 Src/lcd.o
 .debug_macro   0x0000000000014823       0x35 Src/lcd.o
 .debug_macro   0x0000000000014858       0x1c Src/lcd.o
 .debug_macro   0x0000000000014874       0x10 Src/lcd.o
 .debug_macro   0x0000000000014884       0x10 Src/lcd.o
 .debug_macro   0x0000000000014894       0x1c Src/lcd.o
 .debug_macro   0x00000000000148b0       0x52 Src/lcd.o
 .debug_macro   0x0000000000014902       0x40 Src/lcd.o
 .debug_macro   0x0000000000014942       0x10 Src/lcd.o
 .debug_macro   0x0000000000014952       0x40 Src/lcd.o
 .debug_macro   0x0000000000014992       0xd7 Src/lcd.o
 .debug_macro   0x0000000000014a69       0x1c Src/lcd.o
 .debug_macro   0x0000000000014a85       0x3d Src/lcd.o
 .debug_macro   0x0000000000014ac2       0x16 Src/lcd.o
 .debug_macro   0x0000000000014ad8      0x16f Src/lcd.o
 .debug_macro   0x0000000000014c47       0x9a Src/lcd.o
 .debug_macro   0x0000000000014ce1       0x64 Src/lcd.o
 .debug_macro   0x0000000000014d45      0x35d Src/main.o
 .debug_macro   0x00000000000150a2       0x94 Src/main.o
 .debug_macro   0x0000000000015136      0x1c9 Src/stm32f4xx_hal_msp.o
 .debug_macro   0x00000000000152ff      0x1d3 Src/stm32f4xx_it.o
 .debug_macro   0x00000000000154d2      0x1c0 Src/system_stm32f4xx.o

.debug_line     0x0000000000000000     0x61e6
 .debug_line    0x0000000000000000      0x956 Drivers/STM32F4xx_HAL_Driver/Src/stm32f4xx_hal.o
 .debug_line    0x0000000000000956      0x9a8 Drivers/STM32F4xx_HAL_Driver/Src/stm32f4xx_hal_cortex.o
 .debug_line    0x00000000000012fe      0x8c0 Drivers/STM32F4xx_HAL_Driver/Src/stm32f4xx_hal_gpio.o
 .debug_line    0x0000000000001bbe      0x9e9 Drivers/STM32F4xx_HAL_Driver/Src/stm32f4xx_hal_rcc.o
 .debug_line    0x00000000000025a7     0x10a5 Drivers/STM32F4xx_HAL_Driver/Src/stm32f4xx_hal_uart.o
 .debug_line    0x000000000000364c      0xb09 Src/lcd.o
 .debug_line    0x0000000000004155      0x931 Src/main.o
 .debug_line    0x0000000000004a86      0x78b Src/stm32f4xx_hal_msp.o
 .debug_line    0x0000000000005211      0x7e3 Src/stm32f4xx_it.o
 .debug_line    0x00000000000059f4      0x774 Src/system_stm32f4xx.o
 .debug_line    0x0000000000006168       0x7e startup/startup_stm32f401xe.o

.debug_str      0x0000000000000000    0x843c1
 .debug_str     0x0000000000000000    0x7ec7c Drivers/STM32F4xx_HAL_Driver/Src/stm32f4xx_hal.o
                                      0x7eff0 (size before relaxing)
 .debug_str     0x000000000007ec7c      0x3a8 Drivers/STM32F4xx_HAL_Driver/Src/stm32f4xx_hal_cortex.o
                                      0x7ed88 (size before relaxing)
 .debug_str     0x000000000007f024      0x292 Drivers/STM32F4xx_HAL_Driver/Src/stm32f4xx_hal_gpio.o
                                      0x7e87f (size before relaxing)
 .debug_str     0x000000000007f2b6      0x38f Drivers/STM32F4xx_HAL_Driver/Src/stm32f4xx_hal_rcc.o
                                      0x7ea54 (size before relaxing)
 .debug_str     0x000000000007f645      0x94b Drivers/STM32F4xx_HAL_Driver/Src/stm32f4xx_hal_uart.o
                                      0x7eef1 (size before relaxing)
 .debug_str     0x000000000007ff90     0x425d Src/lcd.o
                                      0x827a7 (size before relaxing)
 .debug_str     0x00000000000841ed       0x78 Src/main.o
                                      0x82dc3 (size before relaxing)
 .debug_str     0x0000000000084265       0x1b Src/stm32f4xx_hal_msp.o
                                      0x7ec6f (size before relaxing)
 .debug_str     0x0000000000084280       0xb8 Src/stm32f4xx_it.o
                                      0x7e71a (size before relaxing)
 .debug_str     0x0000000000084338       0x5a Src/system_stm32f4xx.o
                                      0x7e63b (size before relaxing)
 .debug_str     0x0000000000084392       0x2f startup/startup_stm32f401xe.o
                                         0x71 (size before relaxing)

.comment        0x0000000000000000       0x7f
 .comment       0x0000000000000000       0x7f Drivers/STM32F4xx_HAL_Driver/Src/stm32f4xx_hal.o
                                         0x80 (size before relaxing)
 .comment       0x000000000000007f       0x80 Drivers/STM32F4xx_HAL_Driver/Src/stm32f4xx_hal_cortex.o
 .comment       0x000000000000007f       0x80 Drivers/STM32F4xx_HAL_Driver/Src/stm32f4xx_hal_gpio.o
 .comment       0x000000000000007f       0x80 Drivers/STM32F4xx_HAL_Driver/Src/stm32f4xx_hal_rcc.o
 .comment       0x000000000000007f       0x80 Drivers/STM32F4xx_HAL_Driver/Src/stm32f4xx_hal_uart.o
 .comment       0x000000000000007f       0x80 Src/lcd.o
 .comment       0x000000000000007f       0x80 Src/main.o
 .comment       0x000000000000007f       0x80 Src/stm32f4xx_hal_msp.o
 .comment       0x000000000000007f       0x80 Src/stm32f4xx_it.o
 .comment       0x000000000000007f       0x80 Src/system_stm32f4xx.o

.debug_frame    0x0000000000000000      0xeb8
 .debug_frame   0x0000000000000000      0x1ec Drivers/STM32F4xx_HAL_Driver/Src/stm32f4xx_hal.o
 .debug_frame   0x00000000000001ec      0x15c Drivers/STM32F4xx_HAL_Driver/Src/stm32f4xx_hal_cortex.o
 .debug_frame   0x0000000000000348       0xd8 Drivers/STM32F4xx_HAL_Driver/Src/stm32f4xx_hal_gpio.o
 .debug_frame   0x0000000000000420      0x184 Drivers/STM32F4xx_HAL_Driver/Src/stm32f4xx_hal_rcc.o
 .debug_frame   0x00000000000005a4      0x4f0 Drivers/STM32F4xx_HAL_Driver/Src/stm32f4xx_hal_uart.o
 .debug_frame   0x0000000000000a94      0x17c Src/lcd.o
 .debug_frame   0x0000000000000c10       0x98 Src/main.o
 .debug_frame   0x0000000000000ca8       0x64 Src/stm32f4xx_hal_msp.o
 .debug_frame   0x0000000000000d0c       0xa8 Src/stm32f4xx_it.o
 .debug_frame   0x0000000000000db4       0x30 Src/system_stm32f4xx.o
 .debug_frame   0x0000000000000de4       0x2c /home/elisa/.eclipse/360744286_linux_gtk_x86_64/plugins/fr.ac6.mcu.externaltools.arm-none.linux64_1.17.0.201812190825/tools/compiler/bin/../lib/gcc/arm-none-eabi/7.3.1/thumb/v7e-m/fpv4-sp/hard/libgcc.a(_aeabi_uldivmod.o)
 .debug_frame   0x0000000000000e10       0x34 /home/elisa/.eclipse/360744286_linux_gtk_x86_64/plugins/fr.ac6.mcu.externaltools.arm-none.linux64_1.17.0.201812190825/tools/compiler/bin/../lib/gcc/arm-none-eabi/7.3.1/thumb/v7e-m/fpv4-sp/hard/libgcc.a(_udivmoddi4.o)
 .debug_frame   0x0000000000000e44       0x2c /home/elisa/.eclipse/360744286_linux_gtk_x86_64/plugins/fr.ac6.mcu.externaltools.arm-none.linux64_1.17.0.201812190825/tools/compiler/bin/../lib/gcc/arm-none-eabi/7.3.1/../../../../arm-none-eabi/lib/thumb/v7e-m/fpv4-sp/hard/libc_nano.a(lib_a-init.o)
 .debug_frame   0x0000000000000e70       0x28 /home/elisa/.eclipse/360744286_linux_gtk_x86_64/plugins/fr.ac6.mcu.externaltools.arm-none.linux64_1.17.0.201812190825/tools/compiler/bin/../lib/gcc/arm-none-eabi/7.3.1/../../../../arm-none-eabi/lib/thumb/v7e-m/fpv4-sp/hard/libc_nano.a(lib_a-memcpy-stub.o)
 .debug_frame   0x0000000000000e98       0x20 /home/elisa/.eclipse/360744286_linux_gtk_x86_64/plugins/fr.ac6.mcu.externaltools.arm-none.linux64_1.17.0.201812190825/tools/compiler/bin/../lib/gcc/arm-none-eabi/7.3.1/../../../../arm-none-eabi/lib/thumb/v7e-m/fpv4-sp/hard/libc_nano.a(lib_a-memset.o)
